// Jest Snapshot v1, https://goo.gl/fbAQLP

exports[`Prueba al component  debe hacer match con el snapshot 1`] = `
<div>
  <h1>
    GifExpertAp
  </h1>
  <form
    aria-label="form"
  >
    <input
      placeholder="Buscar gifs"
      type="text"
      value="One Punch"
    />
  </form>
  <h3>
    One Punch
  </h3>
  <h2>
    Cargando...
  </h2>
  <div
    class="card-grid"
  />
</div>
`;
